GEM
  remote: https://rubygems.org/
  specs:
    dememoize (0.1.1)
    figjam (1.6.2)
      thor (>= 0.14.0, < 2)
    thor (1.3.1)

PLATFORMS
  ruby
  x86_64-linux

DEPENDENCIES
  dememoize
  figjam

BUNDLED WITH
   2.5.14
