GEM
  remote: https://rubygems.org/
  specs:
    dememoize (0.1.0)

PLATFORMS
  ruby
  x86_64-linux

DEPENDENCIES
  dememoize

BUNDLED WITH
   2.5.14
